// Jest Snapshot v1, https://goo.gl/fbAQLP

exports[`on construct matches snapshot 1`] = `
Target {
  "addEventListener": [Function],
  "dispatchEvent": [Function],
  "listeners": Array [],
  "removeEventListener": [Function],
}
`;
